// Jest Snapshot v1, https://goo.gl/fbAQLP

exports[`BasePlayerCover renders component correctly if we provide efficient props 1`] = `
<a
  class="cover"
>
  <img
    alt=""
    class="cover__img"
    src="https://test/img/url.png"
  />
</a>
`;
